Starting a Gradle Daemon, 1 incompatible and 8 stopped Daemons could not be reused, use --status for details
> Task :app:checkKotlinGradlePluginConfigurationErrors
> Task :app:preBuild UP-TO-DATE
> Task :app:preDebugBuild UP-TO-DATE
> Task :app:checkDebugAarMetadata UP-TO-DATE
> Task :app:processDebugNavigationResources UP-TO-DATE
> Task :app:compileDebugNavigationResources UP-TO-DATE
> Task :app:generateDebugResValues UP-TO-DATE
> Task :app:mapDebugSourceSetPaths UP-TO-DATE
> Task :app:generateDebugResources UP-TO-DATE
> Task :app:mergeDebugResources UP-TO-DATE
> Task :app:packageDebugResources UP-TO-DATE
> Task :app:parseDebugLocalResources UP-TO-DATE
> Task :app:createDebugCompatibleScreenManifests UP-TO-DATE
> Task :app:extractDeepLinksDebug UP-TO-DATE
> Task :app:processDebugMainManifest UP-TO-DATE
> Task :app:processDebugManifest UP-TO-DATE
> Task :app:processDebugManifestForPackage UP-TO-DATE
> Task :app:processDebugResources UP-TO-DATE

> Task :app:compileDebugKotlin FAILED
17 actionable tasks: 2 executed, 15 up-to-date
.\gradlew.bat : e: file:///C:/Users/HP/Documents/Application_developement/Doctor_patient/Android%20app/Hospiq/app/src/m
ain/java/com/simats/hospiq/ui/components/DoctorCard.kt:112:93 Unresolved reference: ArrowForwardIos
At line:1 char:1
+ .\gradlew.bat compileDebugKotlin 2>&1 | Out-File -FilePath "build_err ...
+ ~~~~~~~~~~~~~~~~~~~~~~~~~~~~~~~~~~~~~
    + CategoryInfo          : NotSpecified: (e: file:///C:/U...ArrowForwardIos:String) [], RemoteException
    + FullyQualifiedErrorId : NativeCommandError
 
e: file:///C:/Users/HP/Documents/Application_developement/Doctor_patient/Android%20app/Hospiq/app/src/main/java/com/sim
ats/hospiq/ui/screens/doctor/DoctorNotificationsScreen.kt:23:132 Type mismatch: inferred type is String but Boolean 
was expected
e: file:///C:/Users/HP/Documents/Application_developement/Doctor_patient/Android%20app/Hospiq/app/src/main/java/com/sim
ats/hospiq/ui/screens/doctor/DoctorNotificationsScreen.kt:23:147 The boolean literal does not conform to the expected 
type String
e: file:///C:/Users/HP/Documents/Application_developement/Doctor_patient/Android%20app/Hospiq/app/src/main/java/com/sim
ats/hospiq/ui/screens/doctor/DoctorNotificationsScreen.kt:24:112 Type mismatch: inferred type is String but Boolean 
was expected
e: file:///C:/Users/HP/Documents/Application_developement/Doctor_patient/Android%20app/Hospiq/app/src/main/java/com/sim
ats/hospiq/ui/screens/doctor/DoctorNotificationsScreen.kt:24:127 The boolean literal does not conform to the expected 
type String
e: file:///C:/Users/HP/Documents/Application_developement/Doctor_patient/Android%20app/Hospiq/app/src/main/java/com/sim
ats/hospiq/ui/screens/doctor/DoctorNotificationsScreen.kt:25:117 Type mismatch: inferred type is String but Boolean 
was expected
e: file:///C:/Users/HP/Documents/Application_developement/Doctor_patient/Android%20app/Hospiq/app/src/main/java/com/sim
ats/hospiq/ui/screens/doctor/DoctorNotificationsScreen.kt:25:128 The boolean literal does not conform to the expected 
type String
e: file:///C:/Users/HP/Documents/Application_developement/Doctor_patient/Android%20app/Hospiq/app/src/main/java/com/sim
ats/hospiq/ui/screens/doctor/DoctorNotificationsScreen.kt:26:118 Type mismatch: inferred type is String but Boolean 
was expected
e: file:///C:/Users/HP/Documents/Application_developement/Doctor_patient/Android%20app/Hospiq/app/src/main/java/com/sim
ats/hospiq/ui/screens/doctor/DoctorNotificationsScreen.kt:26:125 The boolean literal does not conform to the expected 
type String
e: file:///C:/Users/HP/Documents/Application_developement/Doctor_patient/Android%20app/Hospiq/app/src/main/java/com/sim
ats/hospiq/ui/screens/doctor/DoctorNotificationsScreen.kt:27:106 Type mismatch: inferred type is String but Boolean 
was expected
e: file:///C:/Users/HP/Documents/Application_developement/Doctor_patient/Android%20app/Hospiq/app/src/main/java/com/sim
ats/hospiq/ui/screens/doctor/DoctorNotificationsScreen.kt:27:117 The boolean literal does not conform to the expected 
type String
e: file:///C:/Users/HP/Documents/Application_developement/Doctor_patient/Android%20app/Hospiq/app/src/main/java/com/sim
ats/hospiq/viewmodels/HomeViewModel.kt:31:77 Type mismatch: inferred type is Unit but Comparable<TypeVariable(R)> was 
expected
e: file:///C:/Users/HP/Documents/Application_developement/Doctor_patient/Android%20app/Hospiq/app/src/main/java/com/sim
ats/hospiq/viewmodels/HomeViewModel.kt:31:77 Type mismatch: inferred type is Unit but Comparable<Unit> was expected
e: file:///C:/Users/HP/Documents/Application_developement/Doctor_patient/Android%20app/Hospiq/app/src/main/java/com/sim
ats/hospiq/viewmodels/HomeViewModel.kt:31:82 Unresolved reference: rating

FAILURE: Build failed with an exception.

* What went wrong:
Execution failed for task ':app:compileDebugKotlin'.
> A failure occurred while executing 
org.jetbrains.kotlin.compilerRunner.GradleCompilerRunnerWithWorkers$GradleKotlinCompilerWorkAction
   > Compilation error. See log for more details

* Try:
> Run with --stacktrace option to get the stack trace.
> Run with --info or --debug option to get more log output.
> Run with --scan to get full insights.
> Get more help at https://help.gradle.org.

BUILD FAILED in 29s
